// Jest Snapshot v1, https://goo.gl/fbAQLP

exports[`Lyrics component renders Lyrics 1`] = `
<p>
  some lyrics
</p>
`;
